// Vitest Snapshot v1, https://vitest.dev/guide/snapshot.html

exports[`tsc > Should have the correct TypeScript errors 1`] = `
",src/01-inference-basics/01-get-function-return-type.problem.ts(12,22): error TS2344: Type 'false' does not satisfy the constraint 'true'.
src/01-inference-basics/02-get-function-parameters.problem.ts(18,5): error TS2344: Type 'false' does not satisfy the constraint 'true'.
src/01-inference-basics/03-awaited.problem.ts(14,10): error TS2344: Type 'false' does not satisfy the constraint 'true'.
src/01-inference-basics/04-get-object-keys.problem.ts(17,22): error TS2344: Type 'false' does not satisfy the constraint 'true'.
src/02-unions-and-indexing/06-extract-from-discriminated-union.problem.ts(19,22): error TS2344: Type 'false' does not satisfy the constraint 'true'.
src/02-unions-and-indexing/07-exclude-from-discriminated-union.problem.ts(21,5): error TS2344: Type 'false' does not satisfy the constraint 'true'.
src/02-unions-and-indexing/08-indexed-access.problem.ts(18,10): error TS2344: Type 'false' does not satisfy the constraint 'true'.
src/02-unions-and-indexing/08-indexed-access.problem.ts(19,10): error TS2344: Type 'false' does not satisfy the constraint 'true'.
src/02-unions-and-indexing/08-indexed-access.problem.ts(20,10): error TS2344: Type 'false' does not satisfy the constraint 'true'.
src/02-unions-and-indexing/08-indexed-access.problem.ts(21,10): error TS2344: Type 'false' does not satisfy the constraint 'true'.
src/02-unions-and-indexing/08-indexed-access.problem.ts(22,10): error TS2344: Type 'false' does not satisfy the constraint 'true'.
src/02-unions-and-indexing/09-discriminated-union-to-discriminator.problem.ts(19,22): error TS2344: Type 'false' does not satisfy the constraint 'true'.
src/02-unions-and-indexing/10-as-const.problem.ts(26,10): error TS2344: Type 'false' does not satisfy the constraint 'true'.
src/02-unions-and-indexing/10-as-const.problem.ts(27,10): error TS2344: Type 'false' does not satisfy the constraint 'true'.
src/02-unions-and-indexing/10-as-const.problem.ts(28,10): error TS2344: Type 'false' does not satisfy the constraint 'true'.
src/02-unions-and-indexing/10-as-const.problem.ts(29,10): error TS2344: Type 'false' does not satisfy the constraint 'true'.
src/02-unions-and-indexing/10-as-const.problem.ts(30,10): error TS2344: Type 'false' does not satisfy the constraint 'true'.
src/02-unions-and-indexing/10-as-const.problem.ts(31,10): error TS2344: Type 'false' does not satisfy the constraint 'true'.
src/02-unions-and-indexing/11-indexed-access-with-unions.problem.ts(16,5): error TS2344: Type 'false' does not satisfy the constraint 'true'.
src/02-unions-and-indexing/12-get-object-values.problem.ts(13,5): error TS2344: Type 'false' does not satisfy the constraint 'true'.
src/02-unions-and-indexing/13-get-array-value.problem.ts(9,10): error TS2344: Type 'false' does not satisfy the constraint 'true'.
src/02-unions-and-indexing/13-get-array-value.problem.ts(10,10): error TS2344: Type 'false' does not satisfy the constraint 'true'.
src/03-template-literals/14-template-literal-with-string.problem.ts(13,1): error TS2578: Unused '@ts-expect-error' directive.
src/03-template-literals/14-template-literal-with-string.problem.ts(15,1): error TS2578: Unused '@ts-expect-error' directive.
src/03-template-literals/15-extract-with-template-literals.problem.ts(7,22): error TS2344: Type 'false' does not satisfy the constraint 'true'.
src/03-template-literals/16-unions-in-template-literals.problem.ts(11,5): error TS2344: Type 'false' does not satisfy the constraint 'true'.
src/03-template-literals/17-splitting-strings.problem.ts(12,10): error TS2344: Type 'false' does not satisfy the constraint 'true'.
src/03-template-literals/18-template-literals-in-object-keys.problem.ts(9,5): error TS2344: Type 'false' does not satisfy the constraint 'true'.
src/03-template-literals/19-uppercase-object.problem.ts(9,5): error TS2344: Type 'false' does not satisfy the constraint 'true'.
src/03.5-type-helpers-pattern/20-type-helpers-pattern.problem.ts(6,16): error TS2315: Type 'ReturnWhatIPassIn' is not generic.
src/03.5-type-helpers-pattern/20-type-helpers-pattern.problem.ts(7,16): error TS2315: Type 'ReturnWhatIPassIn' is not generic.
src/03.5-type-helpers-pattern/20-type-helpers-pattern.problem.ts(8,16): error TS2315: Type 'ReturnWhatIPassIn' is not generic.
src/03.5-type-helpers-pattern/20-type-helpers-pattern.problem.ts(9,16): error TS2315: Type 'ReturnWhatIPassIn' is not generic.
src/03.5-type-helpers-pattern/20-type-helpers-pattern.problem.ts(10,16): error TS2315: Type 'ReturnWhatIPassIn' is not generic.
src/03.5-type-helpers-pattern/20.1-maybe.problem.ts(6,16): error TS2315: Type 'Maybe' is not generic.
src/03.5-type-helpers-pattern/20.1-maybe.problem.ts(7,16): error TS2315: Type 'Maybe' is not generic.
src/03.5-type-helpers-pattern/20.1-maybe.problem.ts(8,16): error TS2315: Type 'Maybe' is not generic.
src/03.5-type-helpers-pattern/20.1-maybe.problem.ts(9,16): error TS2315: Type 'Maybe' is not generic.
src/03.5-type-helpers-pattern/20.2-constraints.problem.ts(3,35): error TS2322: Type 'TRoute' is not assignable to type 'string | number | bigint | boolean | null | undefined'.
src/03.5-type-helpers-pattern/20.2-constraints.problem.ts(10,3): error TS2578: Unused '@ts-expect-error' directive.
src/03.5-type-helpers-pattern/20.2-constraints.problem.ts(12,3): error TS2578: Unused '@ts-expect-error' directive.
src/03.5-type-helpers-pattern/20.3-multiple.problem.ts(11,7): error TS2315: Type 'CreateDataShape' is not generic.
src/03.5-type-helpers-pattern/20.3-multiple.problem.ts(20,7): error TS2315: Type 'CreateDataShape' is not generic.
src/03.5-type-helpers-pattern/20.3-multiple.problem.ts(29,7): error TS2315: Type 'CreateDataShape' is not generic.
src/03.5-type-helpers-pattern/20.4-defaults.problem.ts(11,7): error TS2314: Generic type 'CreateDataShape' requires 2 type argument(s).
src/03.5-type-helpers-pattern/20.5-function-constraints.problem.ts(4,22): error TS2344: Type 'T' does not satisfy the constraint '(...args: any) => any'.
src/03.5-type-helpers-pattern/20.5-function-constraints.problem.ts(5,27): error TS2344: Type 'T' does not satisfy the constraint '(...args: any) => any'.
src/03.5-type-helpers-pattern/20.6-not-undefined-or-null-constraint.problem.ts(4,3): error TS2578: Unused '@ts-expect-error' directive.
src/03.5-type-helpers-pattern/20.6-not-undefined-or-null-constraint.problem.ts(6,3): error TS2578: Unused '@ts-expect-error' directive.
src/03.5-type-helpers-pattern/20.7-non-empty-array.problem.ts(3,34): error TS2315: Type 'NonEmptyArray' is not generic.
src/03.5-type-helpers-pattern/20.7-non-empty-array.problem.ts(8,1): error TS2578: Unused '@ts-expect-error' directive.
src/04-conditional-types-and-infer/21-conditional-types.problem.ts(6,16): error TS2315: Type 'YouSayGoodbyeAndISayHello' is not generic.
src/04-conditional-types-and-infer/21-conditional-types.problem.ts(7,16): error TS2315: Type 'YouSayGoodbyeAndISayHello' is not generic.
src/04-conditional-types-and-infer/22-returning-never.problem.ts(8,10): error TS2344: Type 'false' does not satisfy the constraint 'true'.
src/04-conditional-types-and-infer/22-returning-never.problem.ts(9,10): error TS2344: Type 'false' does not satisfy the constraint 'true'.
src/04-conditional-types-and-infer/23-infer-with-raw-values.problem.ts(6,10): error TS2344: Type 'false' does not satisfy the constraint 'true'.
src/04-conditional-types-and-infer/23-infer-with-raw-values.problem.ts(7,10): error TS2344: Type 'false' does not satisfy the constraint 'true'.
src/04-conditional-types-and-infer/23-infer-with-raw-values.problem.ts(9,5): error TS2344: Type 'false' does not satisfy the constraint 'true'.
src/04-conditional-types-and-infer/23-infer-with-raw-values.problem.ts(16,10): error TS2344: Type 'false' does not satisfy the constraint 'true'.
src/04-conditional-types-and-infer/24-infer-with-generics.problem.ts(19,22): error TS2344: Type 'false' does not satisfy the constraint 'true'.
src/04-conditional-types-and-infer/25-template-literal-value-extraction.problem.ts(14,10): error TS2344: Type 'false' does not satisfy the constraint 'true'.
src/04-conditional-types-and-infer/25-template-literal-value-extraction.problem.ts(15,10): error TS2344: Type 'false' does not satisfy the constraint 'true'.
src/04-conditional-types-and-infer/25-template-literal-value-extraction.problem.ts(16,10): error TS2344: Type 'false' does not satisfy the constraint 'true'.
src/04-conditional-types-and-infer/25-template-literal-value-extraction.problem.ts(17,10): error TS2344: Type 'false' does not satisfy the constraint 'true'.
src/04-conditional-types-and-infer/25-template-literal-value-extraction.problem.ts(18,10): error TS2344: Type 'false' does not satisfy the constraint 'true'.
src/04-conditional-types-and-infer/26-get-result-from-async-function.problem.ts(18,7): error TS2315: Type 'InferPropsFromServerSideFunction' is not generic.
src/04-conditional-types-and-infer/27-infer-in-union-types.problem.ts(16,10): error TS2344: Type 'false' does not satisfy the constraint 'true'.
src/04-conditional-types-and-infer/27-infer-in-union-types.problem.ts(17,10): error TS2344: Type 'false' does not satisfy the constraint 'true'.
src/04-conditional-types-and-infer/27-infer-in-union-types.problem.ts(18,10): error TS2344: Type 'false' does not satisfy the constraint 'true'.
src/04-conditional-types-and-infer/28-distributive-conditional-types.problem.ts(7,22): error TS2344: Type 'false' does not satisfy the constraint 'true'.
src/05-key-remapping/29-union-to-object.problem.ts(9,5): error TS2344: Type 'false' does not satisfy the constraint 'true'.
src/05-key-remapping/30-k-in-keyof.problem.ts(13,5): error TS2344: Type 'false' does not satisfy the constraint 'true'.
src/05-key-remapping/31-k-in-keyof-as.problem.ts(15,5): error TS2344: Type 'false' does not satisfy the constraint 'true'.
src/05-key-remapping/32-never-in-key-remapping.problem.ts(15,5): error TS2344: Type 'false' does not satisfy the constraint 'true'.
src/05-key-remapping/32-never-in-key-remapping.problem.ts(24,10): error TS2344: Type 'false' does not satisfy the constraint 'true'.
src/05-key-remapping/33-discriminated-union-to-object.problem.ts(19,5): error TS2344: Type 'false' does not satisfy the constraint 'true'.
src/05-key-remapping/34-object-to-union-of-tuples.problem.ts(15,5): error TS2344: Type 'false' does not satisfy the constraint 'true'.
src/05-key-remapping/35-object-to-union-of-template-literals.problem.ts(13,5): error TS2344: Type 'false' does not satisfy the constraint 'true'.
src/05-key-remapping/36-discriminated-union-to-union.problem.ts(21,5): error TS2344: Type 'false' does not satisfy the constraint 'true'.
src/06-challenges/37-get-dynamic-path-params.problem.ts(10,16): error TS2315: Type 'ExtractPathParams' is not generic.
src/06-challenges/37-get-dynamic-path-params.problem.ts(13,7): error TS2315: Type 'ExtractPathParams' is not generic.
src/06-challenges/38-mutually-exclusive-properties.problem.ts(19,5): error TS2344: Type 'false' does not satisfy the constraint 'true'.
src/06-challenges/39-discriminated-union-with-unique-values-to-object.problem.ts(19,5): error TS2344: Type 'false' does not satisfy the constraint 'true'.
src/06-challenges/40-deep-partial.problem.ts(24,5): error TS2344: Type 'false' does not satisfy the constraint 'true'.
,"
`;

exports[`vitest > Should have the correct Vitest errors 1`] = `
{
  "success": false,
  "testResults": [
    {
      "assertionResults": [],
      "message": "No test found in suite src/01-inference-basics/00-intro.explainer.ts",
      "name": "src/01-inference-basics/00-intro.explainer.ts",
      "status": "passed",
    },
    {
      "assertionResults": [],
      "message": "No test found in suite src/01-inference-basics/01-get-function-return-type.problem.ts",
      "name": "src/01-inference-basics/01-get-function-return-type.problem.ts",
      "status": "passed",
    },
    {
      "assertionResults": [],
      "message": "No test found in suite src/01-inference-basics/01-get-function-return-type.solution.ts",
      "name": "src/01-inference-basics/01-get-function-return-type.solution.ts",
      "status": "passed",
    },
    {
      "assertionResults": [],
      "message": "No test found in suite src/01-inference-basics/01.5-gabriel-typeof-keyword.explainer.ts",
      "name": "src/01-inference-basics/01.5-gabriel-typeof-keyword.explainer.ts",
      "status": "passed",
    },
    {
      "assertionResults": [],
      "message": "No test found in suite src/01-inference-basics/02-get-function-parameters.problem.ts",
      "name": "src/01-inference-basics/02-get-function-parameters.problem.ts",
      "status": "passed",
    },
    {
      "assertionResults": [],
      "message": "No test found in suite src/01-inference-basics/02-get-function-parameters.solution.ts",
      "name": "src/01-inference-basics/02-get-function-parameters.solution.ts",
      "status": "passed",
    },
    {
      "assertionResults": [],
      "message": "No test found in suite src/01-inference-basics/03-awaited.problem.ts",
      "name": "src/01-inference-basics/03-awaited.problem.ts",
      "status": "passed",
    },
    {
      "assertionResults": [],
      "message": "No test found in suite src/01-inference-basics/03-awaited.solution.ts",
      "name": "src/01-inference-basics/03-awaited.solution.ts",
      "status": "passed",
    },
    {
      "assertionResults": [],
      "message": "No test found in suite src/01-inference-basics/04-get-object-keys.problem.ts",
      "name": "src/01-inference-basics/04-get-object-keys.problem.ts",
      "status": "passed",
    },
    {
      "assertionResults": [],
      "message": "No test found in suite src/01-inference-basics/04-get-object-keys.solution.ts",
      "name": "src/01-inference-basics/04-get-object-keys.solution.ts",
      "status": "passed",
    },
    {
      "assertionResults": [],
      "message": "No test found in suite src/02-unions-and-indexing/05-terminology.problem.ts",
      "name": "src/02-unions-and-indexing/05-terminology.problem.ts",
      "status": "passed",
    },
    {
      "assertionResults": [],
      "message": "No test found in suite src/02-unions-and-indexing/05-terminology.solution.ts",
      "name": "src/02-unions-and-indexing/05-terminology.solution.ts",
      "status": "passed",
    },
    {
      "assertionResults": [],
      "message": "No test found in suite src/02-unions-and-indexing/06-extract-from-discriminated-union.problem.ts",
      "name": "src/02-unions-and-indexing/06-extract-from-discriminated-union.problem.ts",
      "status": "passed",
    },
    {
      "assertionResults": [],
      "message": "No test found in suite src/02-unions-and-indexing/06-extract-from-discriminated-union.solution.ts",
      "name": "src/02-unions-and-indexing/06-extract-from-discriminated-union.solution.ts",
      "status": "passed",
    },
    {
      "assertionResults": [],
      "message": "No test found in suite src/02-unions-and-indexing/07-exclude-from-discriminated-union.problem.ts",
      "name": "src/02-unions-and-indexing/07-exclude-from-discriminated-union.problem.ts",
      "status": "passed",
    },
    {
      "assertionResults": [],
      "message": "No test found in suite src/02-unions-and-indexing/07-exclude-from-discriminated-union.solution.ts",
      "name": "src/02-unions-and-indexing/07-exclude-from-discriminated-union.solution.ts",
      "status": "passed",
    },
    {
      "assertionResults": [],
      "message": "No test found in suite src/02-unions-and-indexing/07.5-union-type-multiverse.explainer.ts",
      "name": "src/02-unions-and-indexing/07.5-union-type-multiverse.explainer.ts",
      "status": "passed",
    },
    {
      "assertionResults": [],
      "message": "No test found in suite src/02-unions-and-indexing/08-indexed-access.problem.ts",
      "name": "src/02-unions-and-indexing/08-indexed-access.problem.ts",
      "status": "passed",
    },
    {
      "assertionResults": [],
      "message": "No test found in suite src/02-unions-and-indexing/08-indexed-access.solution.ts",
      "name": "src/02-unions-and-indexing/08-indexed-access.solution.ts",
      "status": "passed",
    },
    {
      "assertionResults": [],
      "message": "No test found in suite src/02-unions-and-indexing/09-discriminated-union-to-discriminator.problem.ts",
      "name": "src/02-unions-and-indexing/09-discriminated-union-to-discriminator.problem.ts",
      "status": "passed",
    },
    {
      "assertionResults": [],
      "message": "No test found in suite src/02-unions-and-indexing/09-discriminated-union-to-discriminator.solution.ts",
      "name": "src/02-unions-and-indexing/09-discriminated-union-to-discriminator.solution.ts",
      "status": "passed",
    },
    {
      "assertionResults": [],
      "message": "No test found in suite src/02-unions-and-indexing/10-as-const.problem.ts",
      "name": "src/02-unions-and-indexing/10-as-const.problem.ts",
      "status": "passed",
    },
    {
      "assertionResults": [],
      "message": "No test found in suite src/02-unions-and-indexing/10-as-const.solution.ts",
      "name": "src/02-unions-and-indexing/10-as-const.solution.ts",
      "status": "passed",
    },
    {
      "assertionResults": [],
      "message": "No test found in suite src/02-unions-and-indexing/11-indexed-access-with-unions.problem.ts",
      "name": "src/02-unions-and-indexing/11-indexed-access-with-unions.problem.ts",
      "status": "passed",
    },
    {
      "assertionResults": [],
      "message": "No test found in suite src/02-unions-and-indexing/11-indexed-access-with-unions.solution.1.ts",
      "name": "src/02-unions-and-indexing/11-indexed-access-with-unions.solution.1.ts",
      "status": "passed",
    },
    {
      "assertionResults": [],
      "message": "No test found in suite src/02-unions-and-indexing/11-indexed-access-with-unions.solution.2.ts",
      "name": "src/02-unions-and-indexing/11-indexed-access-with-unions.solution.2.ts",
      "status": "passed",
    },
    {
      "assertionResults": [],
      "message": "No test found in suite src/02-unions-and-indexing/12-get-object-values.problem.ts",
      "name": "src/02-unions-and-indexing/12-get-object-values.problem.ts",
      "status": "passed",
    },
    {
      "assertionResults": [],
      "message": "No test found in suite src/02-unions-and-indexing/12-get-object-values.solution.ts",
      "name": "src/02-unions-and-indexing/12-get-object-values.solution.ts",
      "status": "passed",
    },
    {
      "assertionResults": [],
      "message": "No test found in suite src/02-unions-and-indexing/13-get-array-value.problem.ts",
      "name": "src/02-unions-and-indexing/13-get-array-value.problem.ts",
      "status": "passed",
    },
    {
      "assertionResults": [],
      "message": "No test found in suite src/02-unions-and-indexing/13-get-array-value.solution.ts",
      "name": "src/02-unions-and-indexing/13-get-array-value.solution.ts",
      "status": "passed",
    },
    {
      "assertionResults": [],
      "message": "No test found in suite src/03-template-literals/14-template-literal-with-string.problem.ts",
      "name": "src/03-template-literals/14-template-literal-with-string.problem.ts",
      "status": "passed",
    },
    {
      "assertionResults": [],
      "message": "No test found in suite src/03-template-literals/14-template-literal-with-string.solution.ts",
      "name": "src/03-template-literals/14-template-literal-with-string.solution.ts",
      "status": "passed",
    },
    {
      "assertionResults": [],
      "message": "No test found in suite src/03-template-literals/15-extract-with-template-literals.problem.ts",
      "name": "src/03-template-literals/15-extract-with-template-literals.problem.ts",
      "status": "passed",
    },
    {
      "assertionResults": [],
      "message": "No test found in suite src/03-template-literals/15-extract-with-template-literals.solution.ts",
      "name": "src/03-template-literals/15-extract-with-template-literals.solution.ts",
      "status": "passed",
    },
    {
      "assertionResults": [],
      "message": "No test found in suite src/03-template-literals/16-unions-in-template-literals.problem.ts",
      "name": "src/03-template-literals/16-unions-in-template-literals.problem.ts",
      "status": "passed",
    },
    {
      "assertionResults": [],
      "message": "No test found in suite src/03-template-literals/16-unions-in-template-literals.solution.ts",
      "name": "src/03-template-literals/16-unions-in-template-literals.solution.ts",
      "status": "passed",
    },
    {
      "assertionResults": [],
      "message": "No test found in suite src/03-template-literals/17-splitting-strings.problem.ts",
      "name": "src/03-template-literals/17-splitting-strings.problem.ts",
      "status": "passed",
    },
    {
      "assertionResults": [],
      "message": "No test found in suite src/03-template-literals/17-splitting-strings.solution.ts",
      "name": "src/03-template-literals/17-splitting-strings.solution.ts",
      "status": "passed",
    },
    {
      "assertionResults": [],
      "message": "No test found in suite src/03-template-literals/18-template-literals-in-object-keys.problem.ts",
      "name": "src/03-template-literals/18-template-literals-in-object-keys.problem.ts",
      "status": "passed",
    },
    {
      "assertionResults": [],
      "message": "No test found in suite src/03-template-literals/18-template-literals-in-object-keys.solution.ts",
      "name": "src/03-template-literals/18-template-literals-in-object-keys.solution.ts",
      "status": "passed",
    },
    {
      "assertionResults": [],
      "message": "No test found in suite src/03-template-literals/19-uppercase-object.problem.ts",
      "name": "src/03-template-literals/19-uppercase-object.problem.ts",
      "status": "passed",
    },
    {
      "assertionResults": [],
      "message": "No test found in suite src/03-template-literals/19-uppercase-object.solution.ts",
      "name": "src/03-template-literals/19-uppercase-object.solution.ts",
      "status": "passed",
    },
    {
      "assertionResults": [],
      "message": "No test found in suite src/03.5-type-helpers-pattern/20-type-helpers-pattern.problem.ts",
      "name": "src/03.5-type-helpers-pattern/20-type-helpers-pattern.problem.ts",
      "status": "passed",
    },
    {
      "assertionResults": [],
      "message": "No test found in suite src/03.5-type-helpers-pattern/20-type-helpers-pattern.solution.ts",
      "name": "src/03.5-type-helpers-pattern/20-type-helpers-pattern.solution.ts",
      "status": "passed",
    },
    {
      "assertionResults": [],
      "message": "No test found in suite src/03.5-type-helpers-pattern/20.1-maybe.problem.ts",
      "name": "src/03.5-type-helpers-pattern/20.1-maybe.problem.ts",
      "status": "passed",
    },
    {
      "assertionResults": [],
      "message": "No test found in suite src/03.5-type-helpers-pattern/20.1-maybe.solution.ts",
      "name": "src/03.5-type-helpers-pattern/20.1-maybe.solution.ts",
      "status": "passed",
    },
    {
      "assertionResults": [],
      "message": "No test found in suite src/03.5-type-helpers-pattern/20.2-constraints.problem.ts",
      "name": "src/03.5-type-helpers-pattern/20.2-constraints.problem.ts",
      "status": "passed",
    },
    {
      "assertionResults": [],
      "message": "No test found in suite src/03.5-type-helpers-pattern/20.2-constraints.solution.ts",
      "name": "src/03.5-type-helpers-pattern/20.2-constraints.solution.ts",
      "status": "passed",
    },
    {
      "assertionResults": [],
      "message": "No test found in suite src/03.5-type-helpers-pattern/20.3-multiple.problem.ts",
      "name": "src/03.5-type-helpers-pattern/20.3-multiple.problem.ts",
      "status": "passed",
    },
    {
      "assertionResults": [],
      "message": "No test found in suite src/03.5-type-helpers-pattern/20.3-multiple.solution.ts",
      "name": "src/03.5-type-helpers-pattern/20.3-multiple.solution.ts",
      "status": "passed",
    },
    {
      "assertionResults": [],
      "message": "No test found in suite src/03.5-type-helpers-pattern/20.4-defaults.problem.ts",
      "name": "src/03.5-type-helpers-pattern/20.4-defaults.problem.ts",
      "status": "passed",
    },
    {
      "assertionResults": [],
      "message": "No test found in suite src/03.5-type-helpers-pattern/20.4-defaults.solution.ts",
      "name": "src/03.5-type-helpers-pattern/20.4-defaults.solution.ts",
      "status": "passed",
    },
    {
      "assertionResults": [],
      "message": "No test found in suite src/03.5-type-helpers-pattern/20.5-function-constraints.problem.ts",
      "name": "src/03.5-type-helpers-pattern/20.5-function-constraints.problem.ts",
      "status": "passed",
    },
    {
      "assertionResults": [],
      "message": "No test found in suite src/03.5-type-helpers-pattern/20.5-function-constraints.solution.ts",
      "name": "src/03.5-type-helpers-pattern/20.5-function-constraints.solution.ts",
      "status": "passed",
    },
    {
      "assertionResults": [],
      "message": "No test found in suite src/03.5-type-helpers-pattern/20.6-not-undefined-or-null-constraint.problem.ts",
      "name": "src/03.5-type-helpers-pattern/20.6-not-undefined-or-null-constraint.problem.ts",
      "status": "passed",
    },
    {
      "assertionResults": [],
      "message": "No test found in suite src/03.5-type-helpers-pattern/20.6-not-undefined-or-null-constraint.solution.ts",
      "name": "src/03.5-type-helpers-pattern/20.6-not-undefined-or-null-constraint.solution.ts",
      "status": "passed",
    },
    {
      "assertionResults": [],
      "message": "No test found in suite src/03.5-type-helpers-pattern/20.7-non-empty-array.problem.ts",
      "name": "src/03.5-type-helpers-pattern/20.7-non-empty-array.problem.ts",
      "status": "passed",
    },
    {
      "assertionResults": [],
      "message": "No test found in suite src/03.5-type-helpers-pattern/20.7-non-empty-array.solution.ts",
      "name": "src/03.5-type-helpers-pattern/20.7-non-empty-array.solution.ts",
      "status": "passed",
    },
    {
      "assertionResults": [],
      "message": "No test found in suite src/04-conditional-types-and-infer/21-conditional-types.problem.ts",
      "name": "src/04-conditional-types-and-infer/21-conditional-types.problem.ts",
      "status": "passed",
    },
    {
      "assertionResults": [],
      "message": "No test found in suite src/04-conditional-types-and-infer/21-conditional-types.solution.ts",
      "name": "src/04-conditional-types-and-infer/21-conditional-types.solution.ts",
      "status": "passed",
    },
    {
      "assertionResults": [],
      "message": "No test found in suite src/04-conditional-types-and-infer/22-returning-never.problem.ts",
      "name": "src/04-conditional-types-and-infer/22-returning-never.problem.ts",
      "status": "passed",
    },
    {
      "assertionResults": [],
      "message": "No test found in suite src/04-conditional-types-and-infer/22-returning-never.solution.ts",
      "name": "src/04-conditional-types-and-infer/22-returning-never.solution.ts",
      "status": "passed",
    },
    {
      "assertionResults": [],
      "message": "No test found in suite src/04-conditional-types-and-infer/22.5-why-conditional-types-are-needed.explainer.ts",
      "name": "src/04-conditional-types-and-infer/22.5-why-conditional-types-are-needed.explainer.ts",
      "status": "passed",
    },
    {
      "assertionResults": [],
      "message": "No test found in suite src/04-conditional-types-and-infer/23-infer-with-raw-values.problem.ts",
      "name": "src/04-conditional-types-and-infer/23-infer-with-raw-values.problem.ts",
      "status": "passed",
    },
    {
      "assertionResults": [],
      "message": "No test found in suite src/04-conditional-types-and-infer/23-infer-with-raw-values.solution.1.ts",
      "name": "src/04-conditional-types-and-infer/23-infer-with-raw-values.solution.1.ts",
      "status": "passed",
    },
    {
      "assertionResults": [],
      "message": "No test found in suite src/04-conditional-types-and-infer/23-infer-with-raw-values.solution.2.ts",
      "name": "src/04-conditional-types-and-infer/23-infer-with-raw-values.solution.2.ts",
      "status": "passed",
    },
    {
      "assertionResults": [],
      "message": "No test found in suite src/04-conditional-types-and-infer/24-infer-with-generics.problem.ts",
      "name": "src/04-conditional-types-and-infer/24-infer-with-generics.problem.ts",
      "status": "passed",
    },
    {
      "assertionResults": [],
      "message": "No test found in suite src/04-conditional-types-and-infer/24-infer-with-generics.solution.ts",
      "name": "src/04-conditional-types-and-infer/24-infer-with-generics.solution.ts",
      "status": "passed",
    },
    {
      "assertionResults": [],
      "message": "No test found in suite src/04-conditional-types-and-infer/25-template-literal-value-extraction.problem.ts",
      "name": "src/04-conditional-types-and-infer/25-template-literal-value-extraction.problem.ts",
      "status": "passed",
    },
    {
      "assertionResults": [],
      "message": "No test found in suite src/04-conditional-types-and-infer/25-template-literal-value-extraction.solution.1.ts",
      "name": "src/04-conditional-types-and-infer/25-template-literal-value-extraction.solution.1.ts",
      "status": "passed",
    },
    {
      "assertionResults": [],
      "message": "No test found in suite src/04-conditional-types-and-infer/25-template-literal-value-extraction.solution.2.ts",
      "name": "src/04-conditional-types-and-infer/25-template-literal-value-extraction.solution.2.ts",
      "status": "passed",
    },
    {
      "assertionResults": [],
      "message": "No test found in suite src/04-conditional-types-and-infer/25.5-regex-types.explainer.ts",
      "name": "src/04-conditional-types-and-infer/25.5-regex-types.explainer.ts",
      "status": "passed",
    },
    {
      "assertionResults": [],
      "message": "No test found in suite src/04-conditional-types-and-infer/26-get-result-from-async-function.problem.ts",
      "name": "src/04-conditional-types-and-infer/26-get-result-from-async-function.problem.ts",
      "status": "passed",
    },
    {
      "assertionResults": [],
      "message": "No test found in suite src/04-conditional-types-and-infer/26-get-result-from-async-function.solution.ts",
      "name": "src/04-conditional-types-and-infer/26-get-result-from-async-function.solution.ts",
      "status": "passed",
    },
    {
      "assertionResults": [],
      "message": "No test found in suite src/04-conditional-types-and-infer/27-infer-in-union-types.problem.ts",
      "name": "src/04-conditional-types-and-infer/27-infer-in-union-types.problem.ts",
      "status": "passed",
    },
    {
      "assertionResults": [],
      "message": "No test found in suite src/04-conditional-types-and-infer/27-infer-in-union-types.solution.1.ts",
      "name": "src/04-conditional-types-and-infer/27-infer-in-union-types.solution.1.ts",
      "status": "passed",
    },
    {
      "assertionResults": [],
      "message": "No test found in suite src/04-conditional-types-and-infer/27-infer-in-union-types.solution.2.ts",
      "name": "src/04-conditional-types-and-infer/27-infer-in-union-types.solution.2.ts",
      "status": "passed",
    },
    {
      "assertionResults": [],
      "message": "No test found in suite src/04-conditional-types-and-infer/28-distributive-conditional-types.problem.ts",
      "name": "src/04-conditional-types-and-infer/28-distributive-conditional-types.problem.ts",
      "status": "passed",
    },
    {
      "assertionResults": [],
      "message": "No test found in suite src/04-conditional-types-and-infer/28-distributive-conditional-types.solution.1.ts",
      "name": "src/04-conditional-types-and-infer/28-distributive-conditional-types.solution.1.ts",
      "status": "passed",
    },
    {
      "assertionResults": [],
      "message": "No test found in suite src/04-conditional-types-and-infer/28-distributive-conditional-types.solution.2.ts",
      "name": "src/04-conditional-types-and-infer/28-distributive-conditional-types.solution.2.ts",
      "status": "passed",
    },
    {
      "assertionResults": [],
      "message": "No test found in suite src/05-key-remapping/29-union-to-object.problem.ts",
      "name": "src/05-key-remapping/29-union-to-object.problem.ts",
      "status": "passed",
    },
    {
      "assertionResults": [],
      "message": "No test found in suite src/05-key-remapping/29-union-to-object.solution.ts",
      "name": "src/05-key-remapping/29-union-to-object.solution.ts",
      "status": "passed",
    },
    {
      "assertionResults": [],
      "message": "No test found in suite src/05-key-remapping/30-k-in-keyof.problem.ts",
      "name": "src/05-key-remapping/30-k-in-keyof.problem.ts",
      "status": "passed",
    },
    {
      "assertionResults": [],
      "message": "No test found in suite src/05-key-remapping/30-k-in-keyof.solution.ts",
      "name": "src/05-key-remapping/30-k-in-keyof.solution.ts",
      "status": "passed",
    },
    {
      "assertionResults": [],
      "message": "No test found in suite src/05-key-remapping/31-k-in-keyof-as.problem.ts",
      "name": "src/05-key-remapping/31-k-in-keyof-as.problem.ts",
      "status": "passed",
    },
    {
      "assertionResults": [],
      "message": "No test found in suite src/05-key-remapping/31-k-in-keyof-as.solution.ts",
      "name": "src/05-key-remapping/31-k-in-keyof-as.solution.ts",
      "status": "passed",
    },
    {
      "assertionResults": [],
      "message": "No test found in suite src/05-key-remapping/32-never-in-key-remapping.problem.ts",
      "name": "src/05-key-remapping/32-never-in-key-remapping.problem.ts",
      "status": "passed",
    },
    {
      "assertionResults": [],
      "message": "No test found in suite src/05-key-remapping/32-never-in-key-remapping.solution.ts",
      "name": "src/05-key-remapping/32-never-in-key-remapping.solution.ts",
      "status": "passed",
    },
    {
      "assertionResults": [],
      "message": "No test found in suite src/05-key-remapping/33-discriminated-union-to-object.problem.ts",
      "name": "src/05-key-remapping/33-discriminated-union-to-object.problem.ts",
      "status": "passed",
    },
    {
      "assertionResults": [],
      "message": "No test found in suite src/05-key-remapping/33-discriminated-union-to-object.solution.1.ts",
      "name": "src/05-key-remapping/33-discriminated-union-to-object.solution.1.ts",
      "status": "passed",
    },
    {
      "assertionResults": [],
      "message": "No test found in suite src/05-key-remapping/33-discriminated-union-to-object.solution.2.ts",
      "name": "src/05-key-remapping/33-discriminated-union-to-object.solution.2.ts",
      "status": "passed",
    },
    {
      "assertionResults": [],
      "message": "No test found in suite src/05-key-remapping/34-object-to-union-of-tuples.problem.ts",
      "name": "src/05-key-remapping/34-object-to-union-of-tuples.problem.ts",
      "status": "passed",
    },
    {
      "assertionResults": [],
      "message": "No test found in suite src/05-key-remapping/34-object-to-union-of-tuples.solution.ts",
      "name": "src/05-key-remapping/34-object-to-union-of-tuples.solution.ts",
      "status": "passed",
    },
    {
      "assertionResults": [],
      "message": "No test found in suite src/05-key-remapping/35-object-to-union-of-template-literals.problem.ts",
      "name": "src/05-key-remapping/35-object-to-union-of-template-literals.problem.ts",
      "status": "passed",
    },
    {
      "assertionResults": [],
      "message": "No test found in suite src/05-key-remapping/35-object-to-union-of-template-literals.solution.ts",
      "name": "src/05-key-remapping/35-object-to-union-of-template-literals.solution.ts",
      "status": "passed",
    },
    {
      "assertionResults": [],
      "message": "No test found in suite src/05-key-remapping/36-discriminated-union-to-union.problem.ts",
      "name": "src/05-key-remapping/36-discriminated-union-to-union.problem.ts",
      "status": "passed",
    },
    {
      "assertionResults": [],
      "message": "No test found in suite src/05-key-remapping/36-discriminated-union-to-union.solution.ts",
      "name": "src/05-key-remapping/36-discriminated-union-to-union.solution.ts",
      "status": "passed",
    },
    {
      "assertionResults": [],
      "message": "No test found in suite src/06-challenges/37-get-dynamic-path-params.problem.ts",
      "name": "src/06-challenges/37-get-dynamic-path-params.problem.ts",
      "status": "passed",
    },
    {
      "assertionResults": [],
      "message": "No test found in suite src/06-challenges/37-get-dynamic-path-params.solution.ts",
      "name": "src/06-challenges/37-get-dynamic-path-params.solution.ts",
      "status": "passed",
    },
    {
      "assertionResults": [],
      "message": "No test found in suite src/06-challenges/38-mutually-exclusive-properties.problem.ts",
      "name": "src/06-challenges/38-mutually-exclusive-properties.problem.ts",
      "status": "passed",
    },
    {
      "assertionResults": [],
      "message": "No test found in suite src/06-challenges/38-mutually-exclusive-properties.solution.ts",
      "name": "src/06-challenges/38-mutually-exclusive-properties.solution.ts",
      "status": "passed",
    },
    {
      "assertionResults": [],
      "message": "No test found in suite src/06-challenges/39-discriminated-union-with-unique-values-to-object.problem.ts",
      "name": "src/06-challenges/39-discriminated-union-with-unique-values-to-object.problem.ts",
      "status": "passed",
    },
    {
      "assertionResults": [],
      "message": "No test found in suite src/06-challenges/39-discriminated-union-with-unique-values-to-object.solution.ts",
      "name": "src/06-challenges/39-discriminated-union-with-unique-values-to-object.solution.ts",
      "status": "passed",
    },
    {
      "assertionResults": [],
      "message": "No test found in suite src/06-challenges/40-deep-partial.problem.ts",
      "name": "src/06-challenges/40-deep-partial.problem.ts",
      "status": "passed",
    },
    {
      "assertionResults": [],
      "message": "No test found in suite src/06-challenges/40-deep-partial.solution.ts",
      "name": "src/06-challenges/40-deep-partial.solution.ts",
      "status": "passed",
    },
  ],
}
`;
